// Jest Snapshot v1, https://goo.gl/fbAQLP

exports[`Title Component matches snapshot 1`] = `
<DocumentFragment>
  <div
    class="MuiStack-root css-1sos3zc-MuiStack-root"
  >
    <svg
      aria-hidden="true"
      class="MuiSvgIcon-root MuiSvgIcon-fontSizeMedium css-i4bv87-MuiSvgIcon-root"
      data-testid="checklist-icon"
      focusable="false"
      style="font-size: 100px;"
      viewBox="0 0 24 24"
    >
      <path
        d="M22 7h-9v2h9V7zm0 8h-9v2h9v-2zM5.54 11 2 7.46l1.41-1.41 2.12 2.12 4.24-4.24 1.41 1.41L5.54 11zm0 8L2 15.46l1.41-1.41 2.12 2.12 4.24-4.24 1.41 1.41L5.54 19z"
      />
    </svg>
    <hr
      class="MuiDivider-root MuiDivider-fullWidth MuiDivider-vertical css-ftc7wc-MuiDivider-root"
    />
    <p
      class="MuiTypography-root MuiTypography-body1 css-ahj2mt-MuiTypography-root"
      data-testid="main-page-title"
      style="font-size: 50px;"
    >
      Todo List
    </p>
  </div>
</DocumentFragment>
`;
